内容1
内容2
内容3
